Archive member included to satisfy reference by file (symbol)

C:/ST/STM32CubeIDE_1.15.1/STM32CubeIDE/plugins/com.st.stm32cube.ide.mcu.externaltools.gnu-tools-for-stm32.12.3.rel1.win32_1.0.100.202403111256/tools/bin/../lib/gcc/arm-none-eabi/12.3.1/../../../../arm-none-eabi/lib/thumb/v7e-m+fp/hard\libc_nano.a(libc_a-exit.o)
                              C:/ST/STM32CubeIDE_1.15.1/STM32CubeIDE/plugins/com.st.stm32cube.ide.mcu.externaltools.gnu-tools-for-stm32.12.3.rel1.win32_1.0.100.202403111256/tools/bin/../lib/gcc/arm-none-eabi/12.3.1/../../../../arm-none-eabi/lib/thumb/v7e-m+fp/hard/crt0.o (exit)
C:/ST/STM32CubeIDE_1.15.1/STM32CubeIDE/plugins/com.st.stm32cube.ide.mcu.externaltools.gnu-tools-for-stm32.12.3.rel1.win32_1.0.100.202403111256/tools/bin/../lib/gcc/arm-none-eabi/12.3.1/../../../../arm-none-eabi/lib/thumb/v7e-m+fp/hard\libc_nano.a(libc_a-findfp.o)
                              C:/ST/STM32CubeIDE_1.15.1/STM32CubeIDE/plugins/com.st.stm32cube.ide.mcu.externaltools.gnu-tools-for-stm32.12.3.rel1.win32_1.0.100.202403111256/tools/bin/../lib/gcc/arm-none-eabi/12.3.1/../../../../arm-none-eabi/lib/thumb/v7e-m+fp/hard\libc_nano.a(libc_a-exit.o) (__stdio_exit_handler)
C:/ST/STM32CubeIDE_1.15.1/STM32CubeIDE/plugins/com.st.stm32cube.ide.mcu.externaltools.gnu-tools-for-stm32.12.3.rel1.win32_1.0.100.202403111256/tools/bin/../lib/gcc/arm-none-eabi/12.3.1/../../../../arm-none-eabi/lib/thumb/v7e-m+fp/hard\libc_nano.a(libc_a-fwalk.o)
                              C:/ST/STM32CubeIDE_1.15.1/STM32CubeIDE/plugins/com.st.stm32cube.ide.mcu.externaltools.gnu-tools-for-stm32.12.3.rel1.win32_1.0.100.202403111256/tools/bin/../lib/gcc/arm-none-eabi/12.3.1/../../../../arm-none-eabi/lib/thumb/v7e-m+fp/hard\libc_nano.a(libc_a-findfp.o) (_fwalk_sglue)
C:/ST/STM32CubeIDE_1.15.1/STM32CubeIDE/plugins/com.st.stm32cube.ide.mcu.externaltools.gnu-tools-for-stm32.12.3.rel1.win32_1.0.100.202403111256/tools/bin/../lib/gcc/arm-none-eabi/12.3.1/../../../../arm-none-eabi/lib/thumb/v7e-m+fp/hard\libc_nano.a(libc_a-stdio.o)
                              C:/ST/STM32CubeIDE_1.15.1/STM32CubeIDE/plugins/com.st.stm32cube.ide.mcu.externaltools.gnu-tools-for-stm32.12.3.rel1.win32_1.0.100.202403111256/tools/bin/../lib/gcc/arm-none-eabi/12.3.1/../../../../arm-none-eabi/lib/thumb/v7e-m+fp/hard\libc_nano.a(libc_a-findfp.o) (__sread)
C:/ST/STM32CubeIDE_1.15.1/STM32CubeIDE/plugins/com.st.stm32cube.ide.mcu.externaltools.gnu-tools-for-stm32.12.3.rel1.win32_1.0.100.202403111256/tools/bin/../lib/gcc/arm-none-eabi/12.3.1/../../../../arm-none-eabi/lib/thumb/v7e-m+fp/hard\libc_nano.a(libc_a-memset.o)
                              C:/ST/STM32CubeIDE_1.15.1/STM32CubeIDE/plugins/com.st.stm32cube.ide.mcu.externaltools.gnu-tools-for-stm32.12.3.rel1.win32_1.0.100.202403111256/tools/bin/../lib/gcc/arm-none-eabi/12.3.1/../../../../arm-none-eabi/lib/thumb/v7e-m+fp/hard/crt0.o (memset)
C:/ST/STM32CubeIDE_1.15.1/STM32CubeIDE/plugins/com.st.stm32cube.ide.mcu.externaltools.gnu-tools-for-stm32.12.3.rel1.win32_1.0.100.202403111256/tools/bin/../lib/gcc/arm-none-eabi/12.3.1/../../../../arm-none-eabi/lib/thumb/v7e-m+fp/hard\libc_nano.a(libc_a-closer.o)
                              C:/ST/STM32CubeIDE_1.15.1/STM32CubeIDE/plugins/com.st.stm32cube.ide.mcu.externaltools.gnu-tools-for-stm32.12.3.rel1.win32_1.0.100.202403111256/tools/bin/../lib/gcc/arm-none-eabi/12.3.1/../../../../arm-none-eabi/lib/thumb/v7e-m+fp/hard\libc_nano.a(libc_a-stdio.o) (_close_r)
C:/ST/STM32CubeIDE_1.15.1/STM32CubeIDE/plugins/com.st.stm32cube.ide.mcu.externaltools.gnu-tools-for-stm32.12.3.rel1.win32_1.0.100.202403111256/tools/bin/../lib/gcc/arm-none-eabi/12.3.1/../../../../arm-none-eabi/lib/thumb/v7e-m+fp/hard\libc_nano.a(libc_a-reent.o)
                              C:/ST/STM32CubeIDE_1.15.1/STM32CubeIDE/plugins/com.st.stm32cube.ide.mcu.externaltools.gnu-tools-for-stm32.12.3.rel1.win32_1.0.100.202403111256/tools/bin/../lib/gcc/arm-none-eabi/12.3.1/../../../../arm-none-eabi/lib/thumb/v7e-m+fp/hard\libc_nano.a(libc_a-closer.o) (errno)
C:/ST/STM32CubeIDE_1.15.1/STM32CubeIDE/plugins/com.st.stm32cube.ide.mcu.externaltools.gnu-tools-for-stm32.12.3.rel1.win32_1.0.100.202403111256/tools/bin/../lib/gcc/arm-none-eabi/12.3.1/../../../../arm-none-eabi/lib/thumb/v7e-m+fp/hard\libc_nano.a(libc_a-impure.o)
                              C:/ST/STM32CubeIDE_1.15.1/STM32CubeIDE/plugins/com.st.stm32cube.ide.mcu.externaltools.gnu-tools-for-stm32.12.3.rel1.win32_1.0.100.202403111256/tools/bin/../lib/gcc/arm-none-eabi/12.3.1/../../../../arm-none-eabi/lib/thumb/v7e-m+fp/hard\libc_nano.a(libc_a-reent.o) (_impure_ptr)
C:/ST/STM32CubeIDE_1.15.1/STM32CubeIDE/plugins/com.st.stm32cube.ide.mcu.externaltools.gnu-tools-for-stm32.12.3.rel1.win32_1.0.100.202403111256/tools/bin/../lib/gcc/arm-none-eabi/12.3.1/../../../../arm-none-eabi/lib/thumb/v7e-m+fp/hard\libc_nano.a(libc_a-lseekr.o)
[...]
Memory Configuration

Name             Origin             Length             Attributes
RAM              0x20000000         0x00020000         xrw
FLASH            0x08000000         0x00080000         xr
*default*        0x00000000         0xffffffff

Linker script and memory map

LOAD C:/ST/STM32CubeIDE_1.15.1/STM32CubeIDE/plugins/com.st.stm32cube.ide.mcu.externaltools.gnu-tools-for-stm32.12.3.rel1.win32_1.0.100.202403111256/tools/bin/../lib/gcc/arm-none-eabi/12.3.1/thumb/v7e-m+fp/hard/crti.o
LOAD C:/ST/STM32CubeIDE_1.15.1/STM32CubeIDE/plugins/com.st.stm32cube.ide.mcu.externaltools.gnu-tools-for-stm32.12.3.rel1.win32_1.0.100.202403111256/tools/bin/../lib/gcc/arm-none-eabi/12.3.1/thumb/v7e-m+fp/hard/crtbegin.o
LOAD C:/ST/STM32CubeIDE_1.15.1/STM32CubeIDE/plugins/com.st.stm32cube.ide.mcu.externaltools.gnu-tools-for-stm32.12.3.rel1.win32_1.0.100.202403111256/tools/bin/../lib/gcc/arm-none-eabi/12.3.1/../../../../arm-none-eabi/lib/thumb/v7e-m+fp/hard/crt0.o
LOAD ./Core/Src/main.o
LOAD ./Core/Src/stm32f4xx_hal_msp.o
LOAD ./Core/Src/stm32f4xx_it.o
LOAD ./Core/Src/syscalls.o
LOAD ./Core/Src/sysmem.o
LOAD ./Core/Src/system_stm32f4xx.o
LOAD ./Core/Startup/startup_stm32f411ceux.o
LOAD ./Drivers/STM32F4xx_HAL_Driver/Src/stm32f4xx_hal.o
LOAD ./Drivers/STM32F4xx_HAL_Driver/Src/stm32f4xx_hal_cortex.o
LOAD ./Drivers/STM32F4xx_HAL_Driver/Src/stm32f4xx_hal_dma.o
LOAD ./Drivers/STM32F4xx_HAL_Driver/Src/stm32f4xx_hal_dma_ex.o
LOAD ./Drivers/STM32F4xx_HAL_Driver/Src/stm32f4xx_hal_exti.o
LOAD ./Drivers/STM32F4xx_HAL_Driver/Src/stm32f4xx_hal_flash.o
LOAD ./Drivers/STM32F4xx_HAL_Driver/Src/stm32f4xx_hal_flash_ex.o
LOAD ./Drivers/STM32F4xx_HAL_Driver/Src/stm32f4xx_hal_flash_ramfunc.o
LOAD ./Drivers/STM32F4xx_HAL_Driver/Src/stm32f4xx_hal_gpio.o
LOAD ./Drivers/STM32F4xx_HAL_Driver/Src/stm32f4xx_hal_pwr.o
LOAD ./Drivers/STM32F4xx_HAL_Driver/Src/stm32f4xx_hal_pwr_ex.o
LOAD ./Drivers/STM32F4xx_HAL_Driver/Src/stm32f4xx_hal_rcc.o
LOAD ./Drivers/STM32F4xx_HAL_Driver/Src/stm32f4xx_hal_rcc_ex.o
LOAD ./Drivers/STM32F4xx_HAL_Driver/Src/stm32f4xx_hal_spi.o
LOAD ./Drivers/STM32F4xx_HAL_Driver/Src/stm32f4xx_hal_tim.o
LOAD ./Drivers/STM32F4xx_HAL_Driver/Src/stm32f4xx_hal_tim_ex.o
LOAD ./Drivers/STM32F4xx_HAL_Driver/Src/stm32f4xx_hal_uart.o
LOAD ./Drivers/nrf24/NRF24.o
START GROUP
LOAD C:/ST/STM32CubeIDE_1.15.1/STM32CubeIDE/plugins/com.st.stm32cube.ide.mcu.externaltools.gnu-tools-for-stm32.12.3.rel1.win32_1.0.100.202403111256/tools/bin/../lib/gcc/arm-none-eabi/12.3.1/../../../../arm-none-eabi/lib/thumb/v7e-m+fp/hard\libc_nano.a
LOAD C:/ST/STM32CubeIDE_1.15.1/STM32CubeIDE/plugins/com.st.stm32cube.ide.mcu.externaltools.gnu-tools-for-stm32.12.3.rel1.win32_1.0.100.202403111256/tools/bin/../lib/gcc/arm-none-eabi/12.3.1/../../../../arm-none-eabi/lib/thumb/v7e-m+fp/hard\libm.a
END GROUP
START GROUP
LOAD C:/ST/STM32CubeIDE_1.15.1/STM32CubeIDE/plugins/com.st.stm32cube.ide.mcu.externaltools.gnu-tools-for-stm32.12.3.rel1.win32_1.0.100.202403111256/tools/bin/../lib/gcc/arm-none-eabi/12.3.1/thumb/v7e-m+fp/hard\libgcc.a
LOAD C:/ST/STM32CubeIDE_1.15.1/STM32CubeIDE/plugins/com.st.stm32cube.ide.mcu.externaltools.gnu-tools-for-stm32.12.3.rel1.win32_1.0.100.202403111256/tools/bin/../lib/gcc/arm-none-eabi/12.3.1/../../../../arm-none-eabi/lib/thumb/v7e-m+fp/hard\libc_nano.a
END GROUP
START GROUP
LOAD C:/ST/STM32CubeIDE_1.15.1/STM32CubeIDE/plugins/com.st.stm32cube.ide.mcu.externaltools.gnu-tools-for-stm32.12.3.rel1.win32_1.0.100.202403111256/tools/bin/../lib/gcc/arm-none-eabi/12.3.1/thumb/v7e-m+fp/hard\libgcc.a
LOAD C:/ST/STM32CubeIDE_1.15.1/STM32CubeIDE/plugins/com.st.stm32cube.ide.mcu.externaltools.gnu-tools-for-stm32.12.3.rel1.win32_1.0.100.202403111256/tools/bin/../lib/gcc/arm-none-eabi/12.3.1/../../../../arm-none-eabi/lib/thumb/v7e-m+fp/hard\libc_nano.a
LOAD C:/ST/STM32CubeIDE_1.15.1/STM32CubeIDE/plugins/com.st.stm32cube.ide.mcu.externaltools.gnu-tools-for-stm32.12.3.rel1.win32_1.0.100.202403111256/tools/bin/../lib/gcc/arm-none-eabi/12.3.1/../../../../arm-none-eabi/lib/thumb/v7e-m+fp/hard\libnosys.a
END GROUP
START GROUP
LOAD C:/ST/STM32CubeIDE_1.15.1/STM32CubeIDE/plugins/com.st.stm32cube.ide.mcu.externaltools.gnu-tools-for-stm32.12.3.rel1.win32_1.0.100.202403111256/tools/bin/../lib/gcc/arm-none-eabi/12.3.1/thumb/v7e-m+fp/hard\libgcc.a
LOAD C:/ST/STM32CubeIDE_1.15.1/STM32CubeIDE/plugins/com.st.stm32cube.ide.mcu.externaltools.gnu-tools-for-stm32.12.3.rel1.win32_1.0.100.202403111256/tools/bin/../lib/gcc/arm-none-eabi/12.3.1/../../../../arm-none-eabi/lib/thumb/v7e-m+fp/hard\libc_nano.a
LOAD C:/ST/STM32CubeIDE_1.15.1/STM32CubeIDE/plugins/com.st.stm32cube.ide.mcu.externaltools.gnu-tools-for-stm32.12.3.rel1.win32_1.0.100.202403111256/tools/bin/../lib/gcc/arm-none-eabi/12.3.1/../../../../arm-none-eabi/lib/thumb/v7e-m+fp/hard\libnosys.a
END GROUP
LOAD C:/ST/STM32CubeIDE_1.15.1/STM32CubeIDE/plugins/com.st.stm32cube.ide.mcu.externaltools.gnu-tools-for-stm32.12.3.rel1.win32_1.0.100.202403111256/tools/bin/../lib/gcc/arm-none-eabi/12.3.1/thumb/v7e-m+fp/hard/crtend.o
LOAD C:/ST/STM32CubeIDE_1.15.1/STM32CubeIDE/plugins/com.st.stm32cube.ide.mcu.externaltools.gnu-tools-for-stm32.12.3.rel1.win32_1.0.100.202403111256/tools/bin/../lib/gcc/arm-none-eabi/12.3.1/thumb/v7e-m+fp/hard/crtn.o
                0x20020000                        _estack = (ORIGIN (RAM) + LENGTH (RAM))
                0x00000200                        _Min_Heap_Size = 0x200
                0x00000400                        _Min_Stack_Size = 0x400

.isr_vector     0x08000000      0x198
                0x08000000                        . = ALIGN (0x4)
 *(.isr_vector)
 .isr_vector    0x08000000      0x198 ./Core/Startup/startup_stm32f411ceux.o
                0x08000000                g_pfnVectors
                0x08000198                        . = ALIGN (0x4)

.text           0x08000198     0x4b90
                0x08000198                        . = ALIGN (0x4)
 *(.text)
 .text          0x08000198       0x40 C:/ST/STM32CubeIDE_1.15.1/STM32CubeIDE/plugins/com.st.stm32cube.ide.mcu.externaltools.gnu-tools-for-stm32.12.3.rel1.win32_1.0.100.202403111256/tools/bin/../lib/gcc/arm-none-eabi/12.3.1/thumb/v7e-m+fp/hard/crtbegin.o
 .text          0x080001d8       0x30 C:/ST/STM32CubeIDE_1.15.1/STM32CubeIDE/plugins/com.st.stm32cube.ide.mcu.externaltools.gnu-tools-for-stm32.12.3.rel1.win32_1.0.100.202403111256/tools/bin/../lib/gcc/arm-none-eabi/12.3.1/thumb/v7e-m+fp/hard\libgcc.a(_aeabi_uldivmod.o)
                0x080001d8                __aeabi_uldivmod
 .text          0x08000208      0x2bc C:/ST/STM32CubeIDE_1.15.1/STM32CubeIDE/plugins/com.st.stm32cube.ide.mcu.externaltools.gnu-tools-for-stm32.12.3.rel1.win32_1.0.100.202403111256/tools/bin/../lib/gcc/arm-none-eabi/12.3.1/thumb/v7e-m+fp/hard\libgcc.a(_udivmoddi4.o)
                0x08000208                __udivmoddi4
 .text          0x080004c4        0x4 C:/ST/STM32CubeIDE_1.15.1/STM32CubeIDE/plugins/com.st.stm32cube.ide.mcu.externaltools.gnu-tools-for-stm32.12.3.rel1.win32_1.0.100.202403111256/tools/bin/../lib/gcc/arm-none-eabi/12.3.1/thumb/v7e-m+fp/hard\libgcc.a(_dvmd_tls.o)
                0x080004c4                __aeabi_idiv0
                0x080004c4                __aeabi_ldiv0
 *(.text*)
 .text.main     0x080004c8      0x1d4 ./Core/Src/main.o
                0x080004c8                main
 .text.SystemClock_Config
                0x0800069c       0xd0 ./Core/Src/main.o
                0x0800069c                SystemClock_Config
 .text.MX_SPI2_Init
                0x0800076c       0x6c ./Core/Src/main.o
 .text.MX_TIM3_Init
                0x080007d8       0x9c ./Core/Src/main.o
 .text.MX_USART2_UART_Init
                0x08000874       0x54 ./Core/Src/main.o
 .text.MX_GPIO_Init
                0x080008c8      0x100 ./Core/Src/main.o
 .text.Check_End_Index
                0x080009c8       0x88 ./Core/Src/main.o
                0x080009c8                Check_End_Index
 .text.HAL_TIM_PeriodElapsedCallback
                0x08000a50       0x90 ./Core/Src/main.o
                0x08000a50                HAL_TIM_PeriodElapsedCallback
 .text.HAL_UART_RxCpltCallback
                0x08000ae0       0xb0 ./Core/Src/main.o
                0x08000ae0                HAL_UART_RxCpltCallback
 .text.HAL_UART_ErrorCallback
                0x08000b90       0x24 ./Core/Src/main.o
                0x08000b90                HAL_UART_ErrorCallback
 .text.handleUARTError
                0x08000bb4       0x98 ./Core/Src/main.o
                0x08000bb4                handleUARTError
 .text.Error_Handler
                0x08000c4c        0xc ./Core/Src/main.o
                0x08000c4c                Error_Handler
 .text.HAL_MspInit
                0x08000c58       0x50 ./Core/Src/stm32f4xx_hal_msp.o
                0x08000c58                HAL_MspInit
 .text.HAL_SPI_MspInit
                0x08000ca8       0xa0 ./Core/Src/stm32f4xx_hal_msp.o
                0x08000ca8                HAL_SPI_MspInit
 .text.HAL_TIM_Base_MspInit
                0x08000d48       0x50 ./Core/Src/stm32f4xx_hal_msp.o
                0x08000d48                HAL_TIM_Base_MspInit
 .text.HAL_UART_MspInit
                0x08000d98       0xa0 ./Core/Src/stm32f4xx_hal_msp.o
                0x08000d98                HAL_UART_MspInit
 .text.NMI_Handler
                0x08000e38        0x8 ./Core/Src/stm32f4xx_it.o
                0x08000e38                NMI_Handler
 .text.HardFault_Handler
                0x08000e40        0x8 ./Core/Src/stm32f4xx_it.o
                0x08000e40                HardFault_Handler
 .text.MemManage_Handler
                0x08000e48        0x8 ./Core/Src/stm32f4xx_it.o
                0x08000e48                MemManage_Handler
 .text.BusFault_Handler
                0x08000e50        0x8 ./Core/Src/stm32f4xx_it.o
                0x08000e50                BusFault_Handler
 .text.UsageFault_Handler
                0x08000e58        0x8 ./Core/Src/stm32f4xx_it.o
                0x08000e58                UsageFault_Handler
 .text.SVC_Handler
                0x08000e60        0xe ./Core/Src/stm32f4xx_it.o
                0x08000e60                SVC_Handler
 .text.DebugMon_Handler
                0x08000e6e        0xe ./Core/Src/stm32f4xx_it.o
                0x08000e6e                DebugMon_Handler
 .text.PendSV_Handler
                0x08000e7c        0xe ./Core/Src/stm32f4xx_it.o
                0x08000e7c                PendSV_Handler
 .text.SysTick_Handler
                0x08000e8a        0xc ./Core/Src/stm32f4xx_it.o
                0x08000e8a                SysTick_Handler
 .text.EXTI0_IRQHandler
                0x08000e96        0xe ./Core/Src/stm32f4xx_it.o
                0x08000e96                EXTI0_IRQHandler
 .text.TIM3_IRQHandler
                0x08000ea4       0x14 ./Core/Src/stm32f4xx_it.o
                0x08000ea4                TIM3_IRQHandler
 .text.SPI2_IRQHandler
                0x08000eb8       0x14 ./Core/Src/stm32f4xx_it.o
                0x08000eb8                SPI2_IRQHandler
 .text.USART2_IRQHandler
                0x08000ecc       0x14 ./Core/Src/stm32f4xx_it.o
                0x08000ecc                USART2_IRQHandler
 .text.SystemInit
                0x08000ee0       0x24 ./Core/Src/system_stm32f4xx.o
                0x08000ee0                SystemInit
 .text.Reset_Handler
                0x08000f04       0x50 ./Core/Startup/startup_stm32f411ceux.o
                0x08000f04                Reset_Handler
 .text.Default_Handler
                0x08000f54        0x2 ./Core/Startup/startup_stm32f411ceux.o
                0x08000f54                RTC_Alarm_IRQHandler
                0x08000f54                EXTI2_IRQHandler
                0x08000f54                SPI4_IRQHandler
                0x08000f54                TIM1_CC_IRQHandler
                0x08000f54                DMA2_Stream5_IRQHandler
                0x08000f54                DMA1_Stream5_IRQHandler
                0x08000f54                PVD_IRQHandler
                0x08000f54                SDIO_IRQHandler
                0x08000f54                TAMP_STAMP_IRQHandler
                0x08000f54                EXTI3_IRQHandler
                0x08000f54                TIM1_UP_TIM10_IRQHandler
                0x08000f54                I2C3_ER_IRQHandler
                0x08000f54                I2C2_EV_IRQHandler
                0x08000f54                DMA1_Stream2_IRQHandler
                0x08000f54                FPU_IRQHandler
                0x08000f54                DMA2_Stream2_IRQHandler
                0x08000f54                SPI1_IRQHandler
                0x08000f54                TIM1_BRK_TIM9_IRQHandler
                0x08000f54                DMA2_Stream3_IRQHandler
                0x08000f54                USART6_IRQHandler
                0x08000f54                DMA2_Stream0_IRQHandler
                0x08000f54                TIM4_IRQHandler
                0x08000f54                I2C1_EV_IRQHandler
                0x08000f54                DMA1_Stream6_IRQHandler
                0x08000f54                DMA1_Stream1_IRQHandler
                0x08000f54                RCC_IRQHandler
                0x08000f54                Default_Handler
                0x08000f54                EXTI15_10_IRQHandler
                0x08000f54                ADC_IRQHandler
                0x08000f54                DMA1_Stream7_IRQHandler
                0x08000f54                SPI5_IRQHandler
                0x08000f54                TIM5_IRQHandler
                0x08000f54                DMA2_Stream7_IRQHandler
                0x08000f54                I2C3_EV_IRQHandler
                0x08000f54                EXTI9_5_IRQHandler
                0x08000f54                RTC_WKUP_IRQHandler
                0x08000f54                DMA1_Stream0_IRQHandler
                0x08000f54                EXTI4_IRQHandler
                0x08000f54                WWDG_IRQHandler
                0x08000f54                TIM2_IRQHandler
                0x08000f54                OTG_FS_WKUP_IRQHandler
                0x08000f54                TIM1_TRG_COM_TIM11_IRQHandler
                0x08000f54                EXTI1_IRQHandler
                0x08000f54                I2C2_ER_IRQHandler
                0x08000f54                DMA2_Stream1_IRQHandler
                0x08000f54                FLASH_IRQHandler
                0x08000f54                DMA2_Stream4_IRQHandler
                0x08000f54                USART1_IRQHandler
                0x08000f54                OTG_FS_IRQHandler
                0x08000f54                SPI3_IRQHandler
                0x08000f54                DMA1_Stream4_IRQHandler
                0x08000f54                I2C1_ER_IRQHandler
                0x08000f54                DMA2_Stream6_IRQHandler
                0x08000f54                DMA1_Stream3_IRQHandler
 *fill*         0x08000f56        0x2 
 .text.HAL_Init
                0x08000f58       0x44 ./Drivers/STM32F4xx_HAL_Driver/Src/stm32f4xx_hal.o
                0x08000f58                HAL_Init
 .text.HAL_InitTick
                0x08000f9c       0x60 ./Drivers/STM32F4xx_HAL_Driver/Src/stm32f4xx_hal.o
                0x08000f9c                HAL_InitTick
 .text.HAL_IncTick
                0x08000ffc       0x28 ./Drivers/STM32F4xx_HAL_Driver/Src/stm32f4xx_hal.o
                0x08000ffc                HAL_IncTick
 .text.HAL_GetTick
                0x08001024       0x18 ./Drivers/STM32F4xx_HAL_Driver/Src/stm32f4xx_hal.o
                0x08001024                HAL_GetTick
 .text.HAL_Delay
                0x0800103c       0x48 ./Drivers/STM32F4xx_HAL_Driver/Src/stm32f4xx_hal.o
                0x0800103c                HAL_Delay
 .text.__NVIC_SetPriorityGrouping
                0x08001084       0x48 ./Drivers/STM32F4xx_HAL_Driver/Src/stm32f4xx_hal_cortex.o
 .text.__NVIC_GetPriorityGrouping
                0x080010cc       0x1c ./Drivers/STM32F4xx_HAL_Driver/Src/stm32f4xx_hal_cortex.o
 .text.__NVIC_EnableIRQ
                0x080010e8       0x3c ./Drivers/STM32F4xx_HAL_Driver/Src/stm32f4xx_hal_cortex.o
 .text.__NVIC_SetPriority
                0x08001124       0x54 ./Drivers/STM32F4xx_HAL_Driver/Src/stm32f4xx_hal_cortex.o
 .text.NVIC_EncodePriority
                0x08001178       0x66 ./Drivers/STM32F4xx_HAL_Driver/Src/stm32f4xx_hal_cortex.o
 *fill*         0x080011de        0x2 
 .text.SysTick_Config
                0x080011e0       0x44 ./Drivers/STM32F4xx_HAL_Driver/Src/stm32f4xx_hal_cortex.o
 .text.HAL_NVIC_SetPriorityGrouping
                0x08001224       0x16 ./Drivers/STM32F4xx_HAL_Driver/Src/stm32f4xx_hal_cortex.o
                0x08001224                HAL_NVIC_SetPriorityGrouping
 .text.HAL_NVIC_SetPriority
                0x0800123a       0x38 ./Drivers/STM32F4xx_HAL_Driver/Src/stm32f4xx_hal_cortex.o
                0x0800123a                HAL_NVIC_SetPriority
 .text.HAL_NVIC_EnableIRQ
                0x08001272       0x1c ./Drivers/STM32F4xx_HAL_Driver/Src/stm32f4xx_hal_cortex.o
                0x08001272                HAL_NVIC_EnableIRQ
 .text.HAL_SYSTICK_Config
                0x0800128e       0x18 ./Drivers/STM32F4xx_HAL_Driver/Src/stm32f4xx_hal_cortex.o
                0x0800128e                HAL_SYSTICK_Config
 .text.HAL_DMA_Abort
                0x080012a6       0xe0 ./Drivers/STM32F4xx_HAL_Driver/Src/stm32f4xx_hal_dma.o
                0x080012a6                HAL_DMA_Abort
 .text.HAL_DMA_Abort_IT
                0x08001386       0x44 ./Drivers/STM32F4xx_HAL_Driver/Src/stm32f4xx_hal_dma.o
                0x08001386                HAL_DMA_Abort_IT
 *fill*         0x080013ca        0x2 
 .text.HAL_GPIO_Init
                0x080013cc      0x308 ./Drivers/STM32F4xx_HAL_Driver/Src/stm32f4xx_hal_gpio.o
                0x080013cc                HAL_GPIO_Init
 .text.HAL_GPIO_WritePin
                0x080016d4       0x32 ./Drivers/STM32F4xx_HAL_Driver/Src/stm32f4xx_hal_gpio.o
                0x080016d4                HAL_GPIO_WritePin
 .text.HAL_GPIO_TogglePin
                0x08001706       0x34 ./Drivers/STM32F4xx_HAL_Driver/Src/stm32f4xx_hal_gpio.o
                0x08001706                HAL_GPIO_TogglePin
 *fill*         0x0800173a        0x2 
 .text.HAL_GPIO_EXTI_IRQHandler
                0x0800173c       0x30 ./Drivers/STM32F4xx_HAL_Driver/Src/stm32f4xx_hal_gpio.o
                0x0800173c                HAL_GPIO_EXTI_IRQHandler
 .text.HAL_GPIO_EXTI_Callback
                0x0800176c       0x16 ./Drivers/STM32F4xx_HAL_Driver/Src/stm32f4xx_hal_gpio.o
                0x0800176c                HAL_GPIO_EXTI_Callback
 *fill*         0x08001782        0x2 
 .text.HAL_RCC_OscConfig
                0x08001784      0x4f0 ./Drivers/STM32F4xx_HAL_Driver/Src/stm32f4xx_hal_rcc.o
                0x08001784                HAL_RCC_OscConfig
 .text.HAL_RCC_ClockConfig
                0x08001c74      0x1cc ./Drivers/STM32F4xx_HAL_Driver/Src/stm32f4xx_hal_rcc.o
                0x08001c74                HAL_RCC_ClockConfig
 .text.HAL_RCC_GetSysClockFreq
                0x08001e40      0x18c ./Drivers/STM32F4xx_HAL_Driver/Src/stm32f4xx_hal_rcc.o
                0x08001e40                HAL_RCC_GetSysClockFreq
 .text.HAL_RCC_GetHCLKFreq
                0x08001fcc       0x18 ./Drivers/STM32F4xx_HAL_Driver/Src/stm32f4xx_hal_rcc.o
                0x08001fcc                HAL_RCC_GetHCLKFreq
 .text.HAL_RCC_GetPCLK1Freq
                0x08001fe4       0x28 ./Drivers/STM32F4xx_HAL_Driver/Src/stm32f4xx_hal_rcc.o
                0x08001fe4                HAL_RCC_GetPCLK1Freq
 .text.HAL_RCC_GetPCLK2Freq
                0x0800200c       0x28 ./Drivers/STM32F4xx_HAL_Driver/Src/stm32f4xx_hal_rcc.o
                0x0800200c                HAL_RCC_GetPCLK2Freq
 .text.HAL_SPI_Init
                0x08002034      0x112 ./Drivers/STM32F4xx_HAL_Driver/Src/stm32f4xx_hal_spi.o
                0x08002034                HAL_SPI_Init
 .text.HAL_SPI_Transmit
                0x08002146      0x288 ./Drivers/STM32F4xx_HAL_Driver/Src/stm32f4xx_hal_spi.o
                0x08002146                HAL_SPI_Transmit
 .text.HAL_SPI_Receive
                0x080023ce      0x232 ./Drivers/STM32F4xx_HAL_Driver/Src/stm32f4xx_hal_spi.o
                0x080023ce                HAL_SPI_Receive
 .text.HAL_SPI_TransmitReceive
                0x08002600      0x352 ./Drivers/STM32F4xx_HAL_Driver/Src/stm32f4xx_hal_spi.o
                0x08002600                HAL_SPI_TransmitReceive
 *fill*         0x08002952        0x2 
 .text.HAL_SPI_IRQHandler
                0x08002954      0x1e8 ./Drivers/STM32F4xx_HAL_Driver/Src/stm32f4xx_hal_spi.o
                0x08002954                HAL_SPI_IRQHandler
 .text.HAL_SPI_ErrorCallback
                0x08002b3c       0x14 ./Drivers/STM32F4xx_HAL_Driver/Src/stm32f4xx_hal_spi.o
                0x08002b3c                HAL_SPI_ErrorCallback
 .text.SPI_DMAAbortOnError
                0x08002b50       0x28 ./Drivers/STM32F4xx_HAL_Driver/Src/stm32f4xx_hal_spi.o
 .text.SPI_WaitFlagStateUntilTimeout
                0x08002b78      0x110 ./Drivers/STM32F4xx_HAL_Driver/Src/stm32f4xx_hal_spi.o
 .text.SPI_EndRxTransaction
                0x08002c88       0xca ./Drivers/STM32F4xx_HAL_Driver/Src/stm32f4xx_hal_spi.o
 *fill*         0x08002d52        0x2 
 .text.SPI_EndRxTxTransaction
                0x08002d54       0xa8 ./Drivers/STM32F4xx_HAL_Driver/Src/stm32f4xx_hal_spi.o
 .text.HAL_TIM_Base_Init
                0x08002dfc       0x9e ./Drivers/STM32F4xx_HAL_Driver/Src/stm32f4xx_hal_tim.o
                0x08002dfc                HAL_TIM_Base_Init
 *fill*         0x08002e9a        0x2 
 .text.HAL_TIM_Base_Start_IT
                0x08002e9c       0xc4 ./Drivers/STM32F4xx_HAL_Driver/Src/stm32f4xx_hal_tim.o
                0x08002e9c                HAL_TIM_Base_Start_IT
 .text.HAL_TIM_IRQHandler
                0x08002f60      0x1e0 ./Drivers/STM32F4xx_HAL_Driver/Src/stm32f4xx_hal_tim.o
                0x08002f60                HAL_TIM_IRQHandler
 .text.HAL_TIM_ConfigClockSource
                0x08003140      0x18e ./Drivers/STM32F4xx_HAL_Driver/Src/stm32f4xx_hal_tim.o
                0x08003140                HAL_TIM_ConfigClockSource
 .text.HAL_TIM_OC_DelayElapsedCallback
                0x080032ce       0x14 ./Drivers/STM32F4xx_HAL_Driver/Src/stm32f4xx_hal_tim.o
                0x080032ce                HAL_TIM_OC_DelayElapsedCallback
 .text.HAL_TIM_IC_CaptureCallback
                0x080032e2       0x14 ./Drivers/STM32F4xx_HAL_Driver/Src/stm32f4xx_hal_tim.o
                0x080032e2                HAL_TIM_IC_CaptureCallback
 .text.HAL_TIM_PWM_PulseFinishedCallback
                0x080032f6       0x14 ./Drivers/STM32F4xx_HAL_Driver/Src/stm32f4xx_hal_tim.o
                0x080032f6                HAL_TIM_PWM_PulseFinishedCallback
 .text.HAL_TIM_TriggerCallback
                0x0800330a       0x14 ./Drivers/STM32F4xx_HAL_Driver/Src/stm32f4xx_hal_tim.o
                0x0800330a                HAL_TIM_TriggerCallback
 *fill*         0x0800331e        0x2 
 .text.TIM_Base_SetConfig
                0x08003320      0x118 ./Drivers/STM32F4xx_HAL_Driver/Src/stm32f4xx_hal_tim.o
                0x08003320                TIM_Base_SetConfig
 .text.TIM_TI1_ConfigInputStage
                0x08003438       0x5e ./Drivers/STM32F4xx_HAL_Driver/Src/stm32f4xx_hal_tim.o
 .text.TIM_TI2_ConfigInputStage
                0x08003496       0x60 ./Drivers/STM32F4xx_HAL_Driver/Src/stm32f4xx_hal_tim.o
 .text.TIM_ITRx_SetConfig
                0x080034f6       0x36 ./Drivers/STM32F4xx_HAL_Driver/Src/stm32f4xx_hal_tim.o
 .text.TIM_ETR_SetConfig
                0x0800352c       0x40 ./Drivers/STM32F4xx_HAL_Driver/Src/stm32f4xx_hal_tim.o
                0x0800352c                TIM_ETR_SetConfig
 .text.HAL_TIMEx_MasterConfigSynchronization
                0x0800356c       0xdc ./Drivers/STM32F4xx_HAL_Driver/Src/stm32f4xx_hal_tim_ex.o
                0x0800356c                HAL_TIMEx_MasterConfigSynchronization
 .text.HAL_TIMEx_CommutCallback
                0x08003648       0x14 ./Drivers/STM32F4xx_HAL_Driver/Src/stm32f4xx_hal_tim_ex.o
                0x08003648                HAL_TIMEx_CommutCallback
 .text.HAL_TIMEx_BreakCallback
                0x0800365c       0x14 ./Drivers/STM32F4xx_HAL_Driver/Src/stm32f4xx_hal_tim_ex.o
                0x0800365c                HAL_TIMEx_BreakCallback
 .text.HAL_UART_Init
                0x08003670       0xa0 ./Drivers/STM32F4xx_HAL_Driver/Src/stm32f4xx_hal_uart.o
                0x08003670                HAL_UART_Init
 .text.HAL_UART_Transmit
                0x08003710      0x116 ./Drivers/STM32F4xx_HAL_Driver/Src/stm32f4xx_hal_uart.o
                0x08003710                HAL_UART_Transmit
 .text.HAL_UART_Receive_IT
                0x08003826       0x4a ./Drivers/STM32F4xx_HAL_Driver/Src/stm32f4xx_hal_uart.o
                0x08003826                HAL_UART_Receive_IT
 .text.HAL_UART_IRQHandler
                0x08003870      0x524 ./Drivers/STM32F4xx_HAL_Driver/Src/stm32f4xx_hal_uart.o
                0x08003870                HAL_UART_IRQHandler
 .text.HAL_UART_TxCpltCallback
                0x08003d94       0x14 ./Drivers/STM32F4xx_HAL_Driver/Src/stm32f4xx_hal_uart.o
                0x08003d94                HAL_UART_TxCpltCallback
 .text.HAL_UARTEx_RxEventCallback
                0x08003da8       0x18 ./Drivers/STM32F4xx_HAL_Driver/Src/stm32f4xx_hal_uart.o
                0x08003da8                HAL_UARTEx_RxEventCallback
 .text.UART_WaitOnFlagUntilTimeout
                0x08003dc0       0xb2 ./Drivers/STM32F4xx_HAL_Driver/Src/stm32f4xx_hal_uart.o
 .text.UART_Start_Receive_IT
                0x08003e72       0x74 ./Drivers/STM32F4xx_HAL_Driver/Src/stm32f4xx_hal_uart.o
                0x08003e72                UART_Start_Receive_IT
 .text.UART_EndRxTransfer
                0x08003ee6       0xc6 ./Drivers/STM32F4xx_HAL_Driver/Src/stm32f4xx_hal_uart.o
 .text.UART_DMAAbortOnError
                0x08003fac       0x28 ./Drivers/STM32F4xx_HAL_Driver/Src/stm32f4xx_hal_uart.o
 .text.UART_Transmit_IT
                0x08003fd4       0xa0 ./Drivers/STM32F4xx_HAL_Driver/Src/stm32f4xx_hal_uart.o
 .text.UART_EndTransmit_IT
                0x08004074       0x30 ./Drivers/STM32F4xx_HAL_Driver/Src/stm32f4xx_hal_uart.o
 .text.UART_Receive_IT
                0x080040a4      0x17c ./Drivers/STM32F4xx_HAL_Driver/Src/stm32f4xx_hal_uart.o
 .text.UART_SetConfig
                0x08004220      0x4e8 ./Drivers/STM32F4xx_HAL_Driver/Src/stm32f4xx_hal_uart.o
 .text.csn_high
                0x08004708       0x18 ./Drivers/nrf24/NRF24.o
                0x08004708                csn_high
 .text.csn_low  0x08004720       0x18 ./Drivers/nrf24/NRF24.o
                0x08004720                csn_low
 .text.ce_high  0x08004738       0x18 ./Drivers/nrf24/NRF24.o
                0x08004738                ce_high
 .text.nrf24_w_reg
                0x08004750       0x50 ./Drivers/nrf24/NRF24.o
                0x08004750                nrf24_w_reg
 .text.nrf24_r_reg
                0x080047a0       0x50 ./Drivers/nrf24/NRF24.o
                0x080047a0                nrf24_r_reg
 .text.nrf24_w_spec_cmd
                0x080047f0       0x24 ./Drivers/nrf24/NRF24.o
                0x080047f0                nrf24_w_spec_cmd
 .text.nrf24_pwr_up
                0x08004814       0x34 ./Drivers/nrf24/NRF24.o
                0x08004814                nrf24_pwr_up
 .text.nrf24_tx_pwr
                0x08004848       0x4c ./Drivers/nrf24/NRF24.o
                0x08004848                nrf24_tx_pwr
 .text.nrf24_data_rate
                0x08004894       0x5c ./Drivers/nrf24/NRF24.o
                0x08004894                nrf24_data_rate
 .text.nrf24_set_channel
                0x080048f0       0x1e ./Drivers/nrf24/NRF24.o
                0x080048f0                nrf24_set_channel
 .text.nrf24_open_tx_pipe
                0x0800490e       0x1a ./Drivers/nrf24/NRF24.o
                0x0800490e                nrf24_open_tx_pipe
 .text.nrf24_pipe_pld_size
                0x08004928       0x9c ./Drivers/nrf24/NRF24.o
                0x08004928                nrf24_pipe_pld_size
 .text.nrf24_open_rx_pipe
                0x080049c4       0xdc ./Drivers/nrf24/NRF24.o
                0x080049c4                nrf24_open_rx_pipe
 .text.nrf24_set_crc
                0x08004aa0       0x58 ./Drivers/nrf24/NRF24.o
                0x08004aa0                nrf24_set_crc
 .text.nrf24_flush_tx
                0x08004af8       0x16 ./Drivers/nrf24/NRF24.o
                0x08004af8                nrf24_flush_tx
 .text.nrf24_flush_rx
                0x08004b0e       0x16 ./Drivers/nrf24/NRF24.o
                0x08004b0e                nrf24_flush_rx
 .text.nrf24_r_status
                0x08004b24       0x38 ./Drivers/nrf24/NRF24.o
                0x08004b24                nrf24_r_status
 .text.nrf24_clear_rx_dr
                0x08004b5c       0x30 ./Drivers/nrf24/NRF24.o
                0x08004b5c                nrf24_clear_rx_dr
 .text.nrf24_clear_tx_ds
                0x08004b8c       0x30 ./Drivers/nrf24/NRF24.o
                0x08004b8c                nrf24_clear_tx_ds
 .text.nrf24_clear_max_rt
                0x08004bbc       0x30 ./Drivers/nrf24/NRF24.o
                0x08004bbc                nrf24_clear_max_rt
 .text.nrf24_listen
                0x08004bec       0x38 ./Drivers/nrf24/NRF24.o
                0x08004bec                nrf24_listen
 .text.nrf24_data_available
                0x08004c24       0x2a ./Drivers/nrf24/NRF24.o
                0x08004c24                nrf24_data_available
 *fill*         0x08004c4e        0x2 
 .text.nrf24_receive
                0x08004c50       0x48 ./Drivers/nrf24/NRF24.o
                0x08004c50                nrf24_receive
 .text.nrf24_init
                0x08004c98       0x20 ./Drivers/nrf24/NRF24.o
                0x08004c98                nrf24_init
 .text.memset   0x08004cb8       0x10 C:/ST/STM32CubeIDE_1.15.1/STM32CubeIDE/plugins/com.st.stm32cube.ide.mcu.externaltools.gnu-tools-for-stm32.12.3.rel1.win32_1.0.100.202403111256/tools/bin/../lib/gcc/arm-none-eabi/12.3.1/../../../../arm-none-eabi/lib/thumb/v7e-m+fp/hard\libc_nano.a(libc_a-memset.o)
                0x08004cb8                memset
 .text.__libc_init_array
                0x08004cc8       0x48 C:/ST/STM32CubeIDE_1.15.1/STM32CubeIDE/plugins/com.st.stm32cube.ide.mcu.externaltools.gnu-tools-for-stm32.12.3.rel1.win32_1.0.100.202403111256/tools/bin/../lib/gcc/arm-none-eabi/12.3.1/../../../../arm-none-eabi/lib/thumb/v7e-m+fp/hard\libc_nano.a(libc_a-init.o)
                0x08004cc8                __libc_init_array
 *(.glue_7)
 .glue_7        0x08004d10        0x0 linker stubs
 *(.glue_7t)
 .glue_7t       0x08004d10        0x0 linker stubs
 *(.eh_frame)
 .eh_frame      0x08004d10        0x0 C:/ST/STM32CubeIDE_1.15.1/STM32CubeIDE/plugins/com.st.stm32cube.ide.mcu.externaltools.gnu-tools-for-stm32.12.3.rel1.win32_1.0.100.202403111256/tools/bin/../lib/gcc/arm-none-eabi/12.3.1/thumb/v7e-m+fp/hard/crtbegin.o
 *(.init)
 .init          0x08004d10        0x4 C:/ST/STM32CubeIDE_1.15.1/STM32CubeIDE/plugins/com.st.stm32cube.ide.mcu.externaltools.gnu-tools-for-stm32.12.3.rel1.win32_1.0.100.202403111256/tools/bin/../lib/gcc/arm-none-eabi/12.3.1/thumb/v7e-m+fp/hard/crti.o
                0x08004d10                _init
 .init          0x08004d14        0x8 C:/ST/STM32CubeIDE_1.15.1/STM32CubeIDE/plugins/com.st.stm32cube.ide.mcu.externaltools.gnu-tools-for-stm32.12.3.rel1.win32_1.0.100.202403111256/tools/bin/../lib/gcc/arm-none-eabi/12.3.1/thumb/v7e-m+fp/hard/crtn.o
 *(.fini)
 .fini          0x08004d1c        0x4 C:/ST/STM32CubeIDE_1.15.1/STM32CubeIDE/plugins/com.st.stm32cube.ide.mcu.externaltools.gnu-tools-for-stm32.12.3.rel1.win32_1.0.100.202403111256/tools/bin/../lib/gcc/arm-none-eabi/12.3.1/thumb/v7e-m+fp/hard/crti.o
                0x08004d1c                _fini
 .fini          0x08004d20        0x8 C:/ST/STM32CubeIDE_1.15.1/STM32CubeIDE/plugins/com.st.stm32cube.ide.mcu.externaltools.gnu-tools-for-stm32.12.3.rel1.win32_1.0.100.202403111256/tools/bin/../lib/gcc/arm-none-eabi/12.3.1/thumb/v7e-m+fp/hard/crtn.o
                0x08004d28                        . = ALIGN (0x4)
                0x08004d28                        _etext = .

.vfp11_veneer   0x08004d28        0x0
 .vfp11_veneer  0x08004d28        0x0 linker stubs

.v4_bx          0x08004d28        0x0
 .v4_bx         0x08004d28        0x0 linker stubs

.iplt           0x08004d28        0x0
 .iplt          0x08004d28        0x0 C:/ST/STM32CubeIDE_1.15.1/STM32CubeIDE/plugins/com.st.stm32cube.ide.mcu.externaltools.gnu-tools-for-stm32.12.3.rel1.win32_1.0.100.202403111256/tools/bin/../lib/gcc/arm-none-eabi/12.3.1/thumb/v7e-m+fp/hard/crtbegin.o

.rodata         0x08004d28       0x20
                0x08004d28                        . = ALIGN (0x4)
 *(.rodata)
 .rodata        0x08004d28        0x5 ./Core/Src/main.o
 *(.rodata*)
 *fill*         0x08004d2d        0x3 
 .rodata.AHBPrescTable
                0x08004d30       0x10 ./Core/Src/system_stm32f4xx.o
                0x08004d30                AHBPrescTable
 .rodata.APBPrescTable
                0x08004d40        0x8 ./Core/Src/system_stm32f4xx.o
                0x08004d40                APBPrescTable
                0x08004d48                        . = ALIGN (0x4)

.ARM.extab      0x08004d48        0x0
                0x08004d48                        . = ALIGN (0x4)
 *(.ARM.extab* .gnu.linkonce.armextab.*)
                0x08004d48                        . = ALIGN (0x4)

.ARM            0x08004d48        0x8
                0x08004d48                        . = ALIGN (0x4)
                0x08004d48                        __exidx_start = .
 *(.ARM.exidx*)
 .ARM.exidx     0x08004d48        0x8 C:/ST/STM32CubeIDE_1.15.1/STM32CubeIDE/plugins/com.st.stm32cube.ide.mcu.externaltools.gnu-tools-for-stm32.12.3.rel1.win32_1.0.100.202403111256/tools/bin/../lib/gcc/arm-none-eabi/12.3.1/thumb/v7e-m+fp/hard\libgcc.a(_udivmoddi4.o)
                0x08004d50                        __exidx_end = .
                0x08004d50                        . = ALIGN (0x4)

.preinit_array  0x08004d50        0x0
                0x08004d50                        . = ALIGN (0x4)
                0x08004d50                        PROVIDE (__preinit_array_start = .)
 *(.preinit_array*)
                0x08004d50                        PROVIDE (__preinit_array_end = .)
                0x08004d50                        . = ALIGN (0x4)

.init_array     0x08004d50        0x4
                0x08004d50                        . = ALIGN (0x4)
                0x08004d50                        PROVIDE (__init_array_start = .)
 *(SORT_BY_NAME(.init_array.*))
 *(.init_array*)
 .init_array    0x08004d50        0x4 C:/ST/STM32CubeIDE_1.15.1/STM32CubeIDE/plugins/com.st.stm32cube.ide.mcu.externaltools.gnu-tools-for-stm32.12.3.rel1.win32_1.0.100.202403111256/tools/bin/../lib/gcc/arm-none-eabi/12.3.1/thumb/v7e-m+fp/hard/crtbegin.o
                0x08004d54                        PROVIDE (__init_array_end = .)
                0x08004d54                        . = ALIGN (0x4)

.fini_array     0x08004d54        0x4
                0x08004d54                        . = ALIGN (0x4)
                [!provide]                        PROVIDE (__fini_array_start = .)
 *(SORT_BY_NAME(.fini_array.*))
 *(.fini_array*)
 .fini_array    0x08004d54        0x4 C:/ST/STM32CubeIDE_1.15.1/STM32CubeIDE/plugins/com.st.stm32cube.ide.mcu.externaltools.gnu-tools-for-stm32.12.3.rel1.win32_1.0.100.202403111256/tools/bin/../lib/gcc/arm-none-eabi/12.3.1/thumb/v7e-m+fp/hard/crtbegin.o
                [!provide]                        PROVIDE (__fini_array_end = .)
                0x08004d58                        . = ALIGN (0x4)
                0x08004d58                        _sidata = LOADADDR (.data)

.rel.dyn        0x08004d58        0x0
 .rel.iplt      0x08004d58        0x0 C:/ST/STM32CubeIDE_1.15.1/STM32CubeIDE/plugins/com.st.stm32cube.ide.mcu.externaltools.gnu-tools-for-stm32.12.3.rel1.win32_1.0.100.202403111256/tools/bin/../lib/gcc/arm-none-eabi/12.3.1/thumb/v7e-m+fp/hard/crtbegin.o

.data           0x20000000       0x10 load address 0x08004d58
                0x20000000                        . = ALIGN (0x4)
                0x20000000                        _sdata = .
 *(.data)
 *(.data*)
 .data.interval_mode_5
                0x20000000        0x1 ./Core/Src/main.o
                0x20000000                interval_mode_5
 *fill*         0x20000001        0x3 
 .data.SystemCoreClock
                0x20000004        0x4 ./Core/Src/system_stm32f4xx.o
                0x20000004                SystemCoreClock
 .data.uwTickPrio
                0x20000008        0x4 ./Drivers/STM32F4xx_HAL_Driver/Src/stm32f4xx_hal.o
                0x20000008                uwTickPrio
 .data.uwTickFreq
                0x2000000c        0x1 ./Drivers/STM32F4xx_HAL_Driver/Src/stm32f4xx_hal.o
                0x2000000c                uwTickFreq
 *(.RamFunc)
 *(.RamFunc*)
                0x20000010                        . = ALIGN (0x4)
 *fill*         0x2000000d        0x3 
                0x20000010                        _edata = .

.igot.plt       0x20000010        0x0 load address 0x08004d68
 .igot.plt      0x20000010        0x0 C:/ST/STM32CubeIDE_1.15.1/STM32CubeIDE/plugins/com.st.stm32cube.ide.mcu.externaltools.gnu-tools-for-stm32.12.3.rel1.win32_1.0.100.202403111256/tools/bin/../lib/gcc/arm-none-eabi/12.3.1/thumb/v7e-m+fp/hard/crtbegin.o
                0x20000010                        . = ALIGN (0x4)

.bss            0x20000010      0x5e4 load address 0x08004d68
                0x20000010                        _sbss = .
                0x20000010                        __bss_start__ = _sbss
 *(.bss)
 .bss           0x20000010       0x1c C:/ST/STM32CubeIDE_1.15.1/STM32CubeIDE/plugins/com.st.stm32cube.ide.mcu.externaltools.gnu-tools-for-stm32.12.3.rel1.win32_1.0.100.202403111256/tools/bin/../lib/gcc/arm-none-eabi/12.3.1/thumb/v7e-m+fp/hard/crtbegin.o
 *(.bss*)
 .bss.hspi2     0x2000002c       0x58 ./Core/Src/main.o
                0x2000002c                hspi2
 .bss.htim3     0x20000084       0x48 ./Core/Src/main.o
                0x20000084                htim3
 .bss.huart2    0x200000cc       0x48 ./Core/Src/main.o
                0x200000cc                huart2
 .bss.nrf_rx_packet
                0x20000114       0x20 ./Core/Src/main.o
                0x20000114                nrf_rx_packet
 .bss.nrf_rx_data
                0x20000134      0x3e8 ./Core/Src/main.o
                0x20000134                nrf_rx_data
 .bss.nrf_packet_id
                0x2000051c        0x2 ./Core/Src/main.o
                0x2000051c                nrf_packet_id
 *fill*         0x2000051e        0x2 
 .bss.rover_gga_message
                0x20000520       0xc8 ./Core/Src/main.o
                0x20000520                rover_gga_message
 .bss.rover_mode
                0x200005e8        0x1 ./Core/Src/main.o
                0x200005e8                rover_mode
 .bss.gga_index
                0x200005e9        0x1 ./Core/Src/main.o
                0x200005e9                gga_index
 .bss.data_ready
                0x200005ea        0x1 ./Core/Src/main.o
                0x200005ea                data_ready
 *fill*         0x200005eb        0x1 
 .bss.rtcm_end_id
                0x200005ec        0x2 ./Core/Src/main.o
                0x200005ec                rtcm_end_id
 *fill*         0x200005ee        0x2 
 .bss.uwTick    0x200005f0        0x4 ./Drivers/STM32F4xx_HAL_Driver/Src/stm32f4xx_hal.o
                0x200005f0                uwTick
 *(COMMON)
                0x200005f4                        . = ALIGN (0x4)
                0x200005f4                        _ebss = .
                0x200005f4                        __bss_end__ = _ebss

._user_heap_stack
                0x200005f4      0x604 load address 0x08004d68
                0x200005f8                        . = ALIGN (0x8)
 *fill*         0x200005f4        0x4 
                [!provide]                        PROVIDE (end = .)
                0x200005f8                        PROVIDE (_end = .)
                0x200007f8                        . = (. + _Min_Heap_Size)
 *fill*         0x200005f8      0x200 
                0x20000bf8                        . = (. + _Min_Stack_Size)
 *fill*         0x200007f8      0x400 
                0x20000bf8                        . = ALIGN (0x8)

/DISCARD/
 libc.a(*)
 libm.a(*)
 libgcc.a(*)

.ARM.attributes
                0x00000000       0x30
 *(.ARM.attributes)
 .ARM.attributes
                0x00000000       0x22 C:/ST/STM32CubeIDE_1.15.1/STM32CubeIDE/plugins/com.st.stm32cube.ide.mcu.externaltools.gnu-tools-for-stm32.12.3.rel1.win32_1.0.100.202403111256/tools/bin/../lib/gcc/arm-none-eabi/12.3.1/thumb/v7e-m+fp/hard/crti.o
 .ARM.attributes
                0x00000022       0x34 C:/ST/STM32CubeIDE_1.15.1/STM32CubeIDE/plugins/com.st.stm32cube.ide.mcu.externaltools.gnu-tools-for-stm32.12.3.rel1.win32_1.0.100.202403111256/tools/bin/../lib/gcc/arm-none-eabi/12.3.1/thumb/v7e-m+fp/hard/crtbegin.o
 .ARM.attributes
                0x00000056       0x34 ./Core/Src/main.o
 .ARM.attributes
                0x0000008a       0x34 ./Core/Src/stm32f4xx_hal_msp.o
 .ARM.attributes
                0x000000be       0x34 ./Core/Src/stm32f4xx_it.o
 .ARM.attributes
                0x000000f2       0x34 ./Core/Src/system_stm32f4xx.o
 .ARM.attributes
                0x00000126       0x21 ./Core/Startup/startup_stm32f411ceux.o
 .ARM.attributes
                0x00000147       0x34 ./Drivers/STM32F4xx_HAL_Driver/Src/stm32f4xx_hal.o
 .ARM.attributes
                0x0000017b       0x34 ./Drivers/STM32F4xx_HAL_Driver/Src/stm32f4xx_hal_cortex.o
 .ARM.attributes
                0x000001af       0x34 ./Drivers/STM32F4xx_HAL_Driver/Src/stm32f4xx_hal_dma.o
 .ARM.attributes
                0x000001e3       0x34 ./Drivers/STM32F4xx_HAL_Driver/Src/stm32f4xx_hal_gpio.o
 .ARM.attributes
                0x00000217       0x34 ./Drivers/STM32F4xx_HAL_Driver/Src/stm32f4xx_hal_rcc.o
 .ARM.attributes
                0x0000024b       0x34 ./Drivers/STM32F4xx_HAL_Driver/Src/stm32f4xx_hal_spi.o
 .ARM.attributes
                0x0000027f       0x34 ./Drivers/STM32F4xx_HAL_Driver/Src/stm32f4xx_hal_tim.o
 .ARM.attributes
                0x000002b3       0x34 ./Drivers/STM32F4xx_HAL_Driver/Src/stm32f4xx_hal_tim_ex.o
 .ARM.attributes
                0x000002e7       0x34 ./Drivers/STM32F4xx_HAL_Driver/Src/stm32f4xx_hal_uart.o
 .ARM.attributes
                0x0000031b       0x34 ./Drivers/nrf24/NRF24.o
 .ARM.attributes
                0x0000034f       0x34 C:/ST/STM32CubeIDE_1.15.1/STM32CubeIDE/plugins/com.st.stm32cube.ide.mcu.externaltools.gnu-tools-for-stm32.12.3.rel1.win32_1.0.100.202403111256/tools/bin/../lib/gcc/arm-none-eabi/12.3.1/../../../../arm-none-eabi/lib/thumb/v7e-m+fp/hard\libc_nano.a(libc_a-memset.o)
 .ARM.attributes
                0x00000383       0x34 C:/ST/STM32CubeIDE_1.15.1/STM32CubeIDE/plugins/com.st.stm32cube.ide.mcu.externaltools.gnu-tools-for-stm32.12.3.rel1.win32_1.0.100.202403111256/tools/bin/../lib/gcc/arm-none-eabi/12.3.1/../../../../arm-none-eabi/lib/thumb/v7e-m+fp/hard\libc_nano.a(libc_a-init.o)
 .ARM.attributes
                0x000003b7       0x22 C:/ST/STM32CubeIDE_1.15.1/STM32CubeIDE/plugins/com.st.stm32cube.ide.mcu.externaltools.gnu-tools-for-stm32.12.3.rel1.win32_1.0.100.202403111256/tools/bin/../lib/gcc/arm-none-eabi/12.3.1/thumb/v7e-m+fp/hard\libgcc.a(_aeabi_uldivmod.o)
 .ARM.attributes
                0x000003d9       0x34 C:/ST/STM32CubeIDE_1.15.1/STM32CubeIDE/plugins/com.st.stm32cube.ide.mcu.externaltools.gnu-tools-for-stm32.12.3.rel1.win32_1.0.100.202403111256/tools/bin/../lib/gcc/arm-none-eabi/12.3.1/thumb/v7e-m+fp/hard\libgcc.a(_udivmoddi4.o)
 .ARM.attributes
                0x0000040d       0x22 C:/ST/STM32CubeIDE_1.15.1/STM32CubeIDE/plugins/com.st.stm32cube.ide.mcu.externaltools.gnu-tools-for-stm32.12.3.rel1.win32_1.0.100.202403111256/tools/bin/../lib/gcc/arm-none-eabi/12.3.1/thumb/v7e-m+fp/hard\libgcc.a(_dvmd_tls.o)
 .ARM.attributes
                0x0000042f       0x22 C:/ST/STM32CubeIDE_1.15.1/STM32CubeIDE/plugins/com.st.stm32cube.ide.mcu.externaltools.gnu-tools-for-stm32.12.3.rel1.win32_1.0.100.202403111256/tools/bin/../lib/gcc/arm-none-eabi/12.3.1/thumb/v7e-m+fp/hard/crtn.o
OUTPUT(RTK_nrf.elf elf32-littlearm)
LOAD linker stubs
LOAD C:/ST/STM32CubeIDE_1.15.1/STM32CubeIDE/plugins/com.st.stm32cube.ide.mcu.externaltools.gnu-tools-for-stm32.12.3.rel1.win32_1.0.100.202403111256/tools/bin/../lib/gcc/arm-none-eabi/12.3.1/../../../../arm-none-eabi/lib/thumb/v7e-m+fp/hard\libc.a
LOAD C:/ST/STM32CubeIDE_1.15.1/STM32CubeIDE/plugins/com.st.stm32cube.ide.mcu.externaltools.gnu-tools-for-stm32.12.3.rel1.win32_1.0.100.202403111256/tools/bin/../lib/gcc/arm-none-eabi/12.3.1/../../../../arm-none-eabi/lib/thumb/v7e-m+fp/hard\libm.a
LOAD C:/ST/STM32CubeIDE_1.15.1/STM32CubeIDE/plugins/com.st.stm32cube.ide.mcu.externaltools.gnu-tools-for-stm32.12.3.rel1.win32_1.0.100.202403111256/tools/bin/../lib/gcc/arm-none-eabi/12.3.1/thumb/v7e-m+fp/hard\libgcc.a

.debug_info     0x00000000     0xffa6
 .debug_info    0x00000000     0x19c9 ./Core/Src/main.o
 .debug_info    0x000019c9     0x11bf ./Core/Src/stm32f4xx_hal_msp.o
 .debug_info    0x00002b88      0xc4f ./Core/Src/stm32f4xx_it.o
 .debug_info    0x000037d7      0x53e ./Core/Src/system_stm32f4xx.o
 .debug_info    0x00003d15       0x30 ./Core/Startup/startup_stm32f411ceux.o
 .debug_info    0x00003d45      0x8c4 ./Drivers/STM32F4xx_HAL_Driver/Src/stm32f4xx_hal.o
 .debug_info    0x00004609      0xcfc ./Drivers/STM32F4xx_HAL_Driver/Src/stm32f4xx_hal_cortex.o
 .debug_info    0x00005305      0x8e6 ./Drivers/STM32F4xx_HAL_Driver/Src/stm32f4xx_hal_dma.o
 .debug_info    0x00005beb      0x6f9 ./Drivers/STM32F4xx_HAL_Driver/Src/stm32f4xx_hal_gpio.o
 .debug_info    0x000062e4      0x8f0 ./Drivers/STM32F4xx_HAL_Driver/Src/stm32f4xx_hal_rcc.o
 .debug_info    0x00006bd4     0x1530 ./Drivers/STM32F4xx_HAL_Driver/Src/stm32f4xx_hal_spi.o
 .debug_info    0x00008104     0x2996 ./Drivers/STM32F4xx_HAL_Driver/Src/stm32f4xx_hal_tim.o
 .debug_info    0x0000aa9a     0x14d4 ./Drivers/STM32F4xx_HAL_Driver/Src/stm32f4xx_hal_tim_ex.o
 .debug_info    0x0000bf6e     0x2f56 ./Drivers/STM32F4xx_HAL_Driver/Src/stm32f4xx_hal_uart.o
 .debug_info    0x0000eec4     0x10e2 ./Drivers/nrf24/NRF24.o

.debug_abbrev   0x00000000     0x21f1
 .debug_abbrev  0x00000000      0x334 ./Core/Src/main.o
 .debug_abbrev  0x00000334      0x1de ./Core/Src/stm32f4xx_hal_msp.o
 .debug_abbrev  0x00000512      0x1c2 ./Core/Src/stm32f4xx_it.o
 .debug_abbrev  0x000006d4      0x11a ./Core/Src/system_stm32f4xx.o
 .debug_abbrev  0x000007ee       0x24 ./Core/Startup/startup_stm32f411ceux.o
 .debug_abbrev  0x00000812      0x24b ./Drivers/STM32F4xx_HAL_Driver/Src/stm32f4xx_hal.o
 .debug_abbrev  0x00000a5d      0x31d ./Drivers/STM32F4xx_HAL_Driver/Src/stm32f4xx_hal_cortex.o
 .debug_abbrev  0x00000d7a      0x221 ./Drivers/STM32F4xx_HAL_Driver/Src/stm32f4xx_hal_dma.o
 .debug_abbrev  0x00000f9b      0x1d3 ./Drivers/STM32F4xx_HAL_Driver/Src/stm32f4xx_hal_gpio.o
 .debug_abbrev  0x0000116e      0x2b6 ./Drivers/STM32F4xx_HAL_Driver/Src/stm32f4xx_hal_rcc.o
 .debug_abbrev  0x00001424      0x276 ./Drivers/STM32F4xx_HAL_Driver/Src/stm32f4xx_hal_spi.o
 .debug_abbrev  0x0000169a      0x28b ./Drivers/STM32F4xx_HAL_Driver/Src/stm32f4xx_hal_tim.o
 .debug_abbrev  0x00001925      0x296 ./Drivers/STM32F4xx_HAL_Driver/Src/stm32f4xx_hal_tim_ex.o
 .debug_abbrev  0x00001bbb      0x31b ./Drivers/STM32F4xx_HAL_Driver/Src/stm32f4xx_hal_uart.o
 .debug_abbrev  0x00001ed6      0x31b ./Drivers/nrf24/NRF24.o

.debug_aranges  0x00000000      0xfd8
 .debug_aranges
                0x00000000       0x78 ./Core/Src/main.o
 .debug_aranges
                0x00000078       0x50 ./Core/Src/stm32f4xx_hal_msp.o
 .debug_aranges
                0x000000c8       0x80 ./Core/Src/stm32f4xx_it.o
 .debug_aranges
                0x00000148       0x28 ./Core/Src/system_stm32f4xx.o
 .debug_aranges
                0x00000170       0x28 ./Core/Startup/startup_stm32f411ceux.o
 .debug_aranges
                0x00000198       0xf0 ./Drivers/STM32F4xx_HAL_Driver/Src/stm32f4xx_hal.o
 .debug_aranges
                0x00000288      0x130 ./Drivers/STM32F4xx_HAL_Driver/Src/stm32f4xx_hal_cortex.o
 .debug_aranges
                0x000003b8       0x90 ./Drivers/STM32F4xx_HAL_Driver/Src/stm32f4xx_hal_dma.o
 .debug_aranges
                0x00000448       0x58 ./Drivers/STM32F4xx_HAL_Driver/Src/stm32f4xx_hal_gpio.o
 .debug_aranges
                0x000004a0       0x88 ./Drivers/STM32F4xx_HAL_Driver/Src/stm32f4xx_hal_rcc.o
 .debug_aranges
                0x00000528      0x1d0 ./Drivers/STM32F4xx_HAL_Driver/Src/stm32f4xx_hal_spi.o
 .debug_aranges
                0x000006f8      0x3d0 ./Drivers/STM32F4xx_HAL_Driver/Src/stm32f4xx_hal_tim.o
 .debug_aranges
                0x00000ac8      0x168 ./Drivers/STM32F4xx_HAL_Driver/Src/stm32f4xx_hal_tim_ex.o
 .debug_aranges
                0x00000c30      0x208 ./Drivers/STM32F4xx_HAL_Driver/Src/stm32f4xx_hal_uart.o
 .debug_aranges
                0x00000e38      0x1a0 ./Drivers/nrf24/NRF24.o

.debug_rnglists
                0x00000000      0xc68
 .debug_rnglists
                0x00000000       0x5d ./Core/Src/main.o
 .debug_rnglists
                0x0000005d       0x39 ./Core/Src/stm32f4xx_hal_msp.o
 .debug_rnglists
                0x00000096       0x5b ./Core/Src/stm32f4xx_it.o
 .debug_rnglists
                0x000000f1       0x1a ./Core/Src/system_stm32f4xx.o
 .debug_rnglists
                0x0000010b       0x19 ./Core/Startup/startup_stm32f411ceux.o
 .debug_rnglists
                0x00000124       0xaf ./Drivers/STM32F4xx_HAL_Driver/Src/stm32f4xx_hal.o
 .debug_rnglists
                0x000001d3       0xe0 ./Drivers/STM32F4xx_HAL_Driver/Src/stm32f4xx_hal_cortex.o
 .debug_rnglists
                0x000002b3       0x70 ./Drivers/STM32F4xx_HAL_Driver/Src/stm32f4xx_hal_dma.o
 .debug_rnglists
                0x00000323       0x3f ./Drivers/STM32F4xx_HAL_Driver/Src/stm32f4xx_hal_gpio.o
 .debug_rnglists
                0x00000362       0x66 ./Drivers/STM32F4xx_HAL_Driver/Src/stm32f4xx_hal_rcc.o
 .debug_rnglists
                0x000003c8      0x16f ./Drivers/STM32F4xx_HAL_Driver/Src/stm32f4xx_hal_spi.o
 .debug_rnglists
                0x00000537      0x31a ./Drivers/STM32F4xx_HAL_Driver/Src/stm32f4xx_hal_tim.o
 .debug_rnglists
                0x00000851      0x125 ./Drivers/STM32F4xx_HAL_Driver/Src/stm32f4xx_hal_tim_ex.o
 .debug_rnglists
                0x00000976      0x1bc ./Drivers/STM32F4xx_HAL_Driver/Src/stm32f4xx_hal_uart.o
 .debug_rnglists
                0x00000b32      0x136 ./Drivers/nrf24/NRF24.o

.debug_macro    0x00000000    0x16e37
 .debug_macro   0x00000000      0x326 ./Core/Src/main.o
 .debug_macro   0x00000326      0xab4 ./Core/Src/main.o
 .debug_macro   0x00000dda      0x2a1 ./Core/Src/main.o
 .debug_macro   0x0000107b       0x2e ./Core/Src/main.o
 .debug_macro   0x000010a9       0x28 ./Core/Src/main.o
 .debug_macro   0x000010d1       0x22 ./Core/Src/main.o
 .debug_macro   0x000010f3       0x8e ./Core/Src/main.o
 .debug_macro   0x00001181       0x51 ./Core/Src/main.o
 .debug_macro   0x000011d2      0x103 ./Core/Src/main.o
 .debug_macro   0x000012d5       0x6a ./Core/Src/main.o
 .debug_macro   0x0000133f      0x1df ./Core/Src/main.o
 .debug_macro   0x0000151e       0x1c ./Core/Src/main.o
 .debug_macro   0x0000153a       0x22 ./Core/Src/main.o
 .debug_macro   0x0000155c       0xfb ./Core/Src/main.o
 .debug_macro   0x00001657     0x1011 ./Core/Src/main.o
 .debug_macro   0x00002668      0x11f ./Core/Src/main.o
 .debug_macro   0x00002787     0xb953 ./Core/Src/main.o
 .debug_macro   0x0000e0da       0x6d ./Core/Src/main.o
 .debug_macro   0x0000e147     0x369a ./Core/Src/main.o
 .debug_macro   0x000117e1      0x189 ./Core/Src/main.o
 .debug_macro   0x0001196a       0x5c ./Core/Src/main.o
 .debug_macro   0x000119c6      0x45c ./Core/Src/main.o
 .debug_macro   0x00011e22      0x9e9 ./Core/Src/main.o
 .debug_macro   0x0001280b      0x115 ./Core/Src/main.o
 .debug_macro   0x00012920      0x11b ./Core/Src/main.o
 .debug_macro   0x00012a3b       0xa5 ./Core/Src/main.o
 .debug_macro   0x00012ae0      0x15f ./Core/Src/main.o
 .debug_macro   0x00012c3f      0x287 ./Core/Src/main.o
 .debug_macro   0x00012ec6       0x5f ./Core/Src/main.o
 .debug_macro   0x00012f25      0x236 ./Core/Src/main.o
 .debug_macro   0x0001315b      0x132 ./Core/Src/main.o
 .debug_macro   0x0001328d      0x264 ./Core/Src/main.o
 .debug_macro   0x000134f1       0x2e ./Core/Src/main.o
 .debug_macro   0x0001351f      0x127 ./Core/Src/main.o
 .debug_macro   0x00013646       0x85 ./Core/Src/main.o
 .debug_macro   0x000136cb       0x89 ./Core/Src/main.o
 .debug_macro   0x00013754      0x225 ./Core/Src/main.o
 .debug_macro   0x00013979      0x8ed ./Core/Src/main.o
 .debug_macro   0x00014266       0x47 ./Core/Src/main.o
 .debug_macro   0x000142ad      0x2aa ./Core/Src/main.o
 .debug_macro   0x00014557      0x126 ./Core/Src/main.o
 .debug_macro   0x0001467d       0x1c ./Core/Src/main.o
 .debug_macro   0x00014699       0x61 ./Core/Src/main.o
 .debug_macro   0x000146fa       0x2a ./Core/Src/main.o
 .debug_macro   0x00014724       0x43 ./Core/Src/main.o
 .debug_macro   0x00014767       0x34 ./Core/Src/main.o
 .debug_macro   0x0001479b       0x16 ./Core/Src/main.o
 .debug_macro   0x000147b1       0x35 ./Core/Src/main.o
 .debug_macro   0x000147e6      0x369 ./Core/Src/main.o
 .debug_macro   0x00014b4f       0x10 ./Core/Src/main.o
 .debug_macro   0x00014b5f       0x16 ./Core/Src/main.o
 .debug_macro   0x00014b75       0x43 ./Core/Src/main.o
 .debug_macro   0x00014bb8       0x34 ./Core/Src/main.o
 .debug_macro   0x00014bec       0x10 ./Core/Src/main.o
 .debug_macro   0x00014bfc       0x58 ./Core/Src/main.o
 .debug_macro   0x00014c54       0x8e ./Core/Src/main.o
 .debug_macro   0x00014ce2       0x1c ./Core/Src/main.o
 .debug_macro   0x00014cfe      0x177 ./Core/Src/main.o
 .debug_macro   0x00014e75       0x16 ./Core/Src/main.o
 .debug_macro   0x00014e8b       0x16 ./Core/Src/main.o
 .debug_macro   0x00014ea1      0x146 ./Core/Src/main.o
 .debug_macro   0x00014fe7       0x16 ./Core/Src/main.o
 .debug_macro   0x00014ffd       0x20 ./Core/Src/main.o
 .debug_macro   0x0001501d      0x232 ./Core/Src/main.o
 .debug_macro   0x0001524f      0x1e7 ./Core/Src/stm32f4xx_hal_msp.o
 .debug_macro   0x00015436      0x1f1 ./Core/Src/stm32f4xx_it.o
 .debug_macro   0x00015627      0x1d8 ./Core/Src/system_stm32f4xx.o
 .debug_macro   0x000157ff      0x238 ./Drivers/STM32F4xx_HAL_Driver/Src/stm32f4xx_hal.o
 .debug_macro   0x00015a37      0x1d8 ./Drivers/STM32F4xx_HAL_Driver/Src/stm32f4xx_hal_cortex.o
 .debug_macro   0x00015c0f      0x1de ./Drivers/STM32F4xx_HAL_Driver/Src/stm32f4xx_hal_dma.o
 .debug_macro   0x00015ded      0x1de ./Drivers/STM32F4xx_HAL_Driver/Src/stm32f4xx_hal_gpio.o
 .debug_macro   0x00015fcb      0x1fc ./Drivers/STM32F4xx_HAL_Driver/Src/stm32f4xx_hal_rcc.o
 .debug_macro   0x000161c7      0x1e7 ./Drivers/STM32F4xx_HAL_Driver/Src/stm32f4xx_hal_spi.o
 .debug_macro   0x000163ae      0x1d9 ./Drivers/STM32F4xx_HAL_Driver/Src/stm32f4xx_hal_tim.o
 .debug_macro   0x00016587      0x1d8 ./Drivers/STM32F4xx_HAL_Driver/Src/stm32f4xx_hal_tim_ex.o
 .debug_macro   0x0001675f      0x1d9 ./Drivers/STM32F4xx_HAL_Driver/Src/stm32f4xx_hal_uart.o
 .debug_macro   0x00016938      0x2c6 ./Drivers/nrf24/NRF24.o
 .debug_macro   0x00016bfe       0x9e ./Drivers/nrf24/NRF24.o
 .debug_macro   0x00016c9c      0x10b ./Drivers/nrf24/NRF24.o
 .debug_macro   0x00016da7       0x56 ./Drivers/nrf24/NRF24.o
 .debug_macro   0x00016dfd       0x3a ./Drivers/nrf24/NRF24.o

.debug_line     0x00000000    0x10d1e
 .debug_line    0x00000000      0xcc5 ./Core/Src/main.o
 .debug_line    0x00000cc5      0x840 ./Core/Src/stm32f4xx_hal_msp.o
 .debug_line    0x00001505      0x888 ./Core/Src/stm32f4xx_it.o
 .debug_line    0x00001d8d      0x7ea ./Core/Src/system_stm32f4xx.o
 .debug_line    0x00002577       0x7a ./Core/Startup/startup_stm32f411ceux.o
 .debug_line    0x000025f1      0xa53 ./Drivers/STM32F4xx_HAL_Driver/Src/stm32f4xx_hal.o
 .debug_line    0x00003044      0xd45 ./Drivers/STM32F4xx_HAL_Driver/Src/stm32f4xx_hal_cortex.o
 .debug_line    0x00003d89      0xfc3 ./Drivers/STM32F4xx_HAL_Driver/Src/stm32f4xx_hal_dma.o
 .debug_line    0x00004d4c      0xba3 ./Drivers/STM32F4xx_HAL_Driver/Src/stm32f4xx_hal_gpio.o
 .debug_line    0x000058ef      0xddc ./Drivers/STM32F4xx_HAL_Driver/Src/stm32f4xx_hal_rcc.o
 .debug_line    0x000066cb     0x1d71 ./Drivers/STM32F4xx_HAL_Driver/Src/stm32f4xx_hal_spi.o
 .debug_line    0x0000843c     0x35d1 ./Drivers/STM32F4xx_HAL_Driver/Src/stm32f4xx_hal_tim.o
 .debug_line    0x0000ba0d     0x19e4 ./Drivers/STM32F4xx_HAL_Driver/Src/stm32f4xx_hal_tim_ex.o
 .debug_line    0x0000d3f1     0x2925 ./Drivers/STM32F4xx_HAL_Driver/Src/stm32f4xx_hal_uart.o
 .debug_line    0x0000fd16     0x1008 ./Drivers/nrf24/NRF24.o

.debug_str      0x00000000    0x904a2
 .debug_str     0x00000000    0x8d135 ./Core/Src/main.o
                              0x8d507 (size before relaxing)
 .debug_str     0x0008d135       0xd1 ./Core/Src/stm32f4xx_hal_msp.o
                              0x89329 (size before relaxing)
 .debug_str     0x0008d206      0x15f ./Core/Src/stm32f4xx_it.o
                              0x88e71 (size before relaxing)
 .debug_str     0x0008d365       0xdb ./Core/Src/system_stm32f4xx.o
                              0x885d4 (size before relaxing)
 .debug_str     0x0008d440       0x44 ./Core/Startup/startup_stm32f411ceux.o
                                 0x63 (size before relaxing)
 .debug_str     0x0008d484      0x603 ./Drivers/STM32F4xx_HAL_Driver/Src/stm32f4xx_hal.o
                              0x89000 (size before relaxing)
 .debug_str     0x0008da87      0x36b ./Drivers/STM32F4xx_HAL_Driver/Src/stm32f4xx_hal_cortex.o
                              0x88d6a (size before relaxing)
 .debug_str     0x0008ddf2      0x315 ./Drivers/STM32F4xx_HAL_Driver/Src/stm32f4xx_hal_dma.o
                              0x889dc (size before relaxing)
 .debug_str     0x0008e107       0xf5 ./Drivers/STM32F4xx_HAL_Driver/Src/stm32f4xx_hal_gpio.o
                              0x8874f (size before relaxing)
 .debug_str     0x0008e1fc      0x233 ./Drivers/STM32F4xx_HAL_Driver/Src/stm32f4xx_hal_rcc.o
                              0x88a08 (size before relaxing)
 .debug_str     0x0008e42f      0x554 ./Drivers/STM32F4xx_HAL_Driver/Src/stm32f4xx_hal_spi.o
                              0x88e80 (size before relaxing)
 .debug_str     0x0008e983      0xd9d ./Drivers/STM32F4xx_HAL_Driver/Src/stm32f4xx_hal_tim.o
                              0x8994c (size before relaxing)
 .debug_str     0x0008f720      0x493 ./Drivers/STM32F4xx_HAL_Driver/Src/stm32f4xx_hal_tim_ex.o
                              0x89158 (size before relaxing)
 .debug_str     0x0008fbb3      0x59a ./Drivers/STM32F4xx_HAL_Driver/Src/stm32f4xx_hal_uart.o
                              0x88fd7 (size before relaxing)
 .debug_str     0x0009014d      0x355 ./Drivers/nrf24/NRF24.o
                              0x8c96f (size before relaxing)

.comment        0x00000000       0x43
 .comment       0x00000000       0x43 ./Core/Src/main.o
                                 0x44 (size before relaxing)
 .comment       0x00000043       0x44 ./Core/Src/stm32f4xx_hal_msp.o
 .comment       0x00000043       0x44 ./Core/Src/stm32f4xx_it.o
 .comment       0x00000043       0x44 ./Core/Src/system_stm32f4xx.o
 .comment       0x00000043       0x44 ./Drivers/STM32F4xx_HAL_Driver/Src/stm32f4xx_hal.o
 .comment       0x00000043       0x44 ./Drivers/STM32F4xx_HAL_Driver/Src/stm32f4xx_hal_cortex.o
 .comment       0x00000043       0x44 ./Drivers/STM32F4xx_HAL_Driver/Src/stm32f4xx_hal_dma.o
 .comment       0x00000043       0x44 ./Drivers/STM32F4xx_HAL_Driver/Src/stm32f4xx_hal_gpio.o
 .comment       0x00000043       0x44 ./Drivers/STM32F4xx_HAL_Driver/Src/stm32f4xx_hal_rcc.o
 .comment       0x00000043       0x44 ./Drivers/STM32F4xx_HAL_Driver/Src/stm32f4xx_hal_spi.o
 .comment       0x00000043       0x44 ./Drivers/STM32F4xx_HAL_Driver/Src/stm32f4xx_hal_tim.o
 .comment       0x00000043       0x44 ./Drivers/STM32F4xx_HAL_Driver/Src/stm32f4xx_hal_tim_ex.o
 .comment       0x00000043       0x44 ./Drivers/STM32F4xx_HAL_Driver/Src/stm32f4xx_hal_uart.o
 .comment       0x00000043       0x44 ./Drivers/nrf24/NRF24.o

.debug_frame    0x00000000     0x4364
 .debug_frame   0x00000000      0x1a8 ./Core/Src/main.o
 .debug_frame   0x000001a8      0x110 ./Core/Src/stm32f4xx_hal_msp.o
 .debug_frame   0x000002b8      0x174 ./Core/Src/stm32f4xx_it.o
 .debug_frame   0x0000042c       0x58 ./Core/Src/system_stm32f4xx.o
 .debug_frame   0x00000484      0x374 ./Drivers/STM32F4xx_HAL_Driver/Src/stm32f4xx_hal.o
 .debug_frame   0x000007f8      0x508 ./Drivers/STM32F4xx_HAL_Driver/Src/stm32f4xx_hal_cortex.o
 .debug_frame   0x00000d00      0x250 ./Drivers/STM32F4xx_HAL_Driver/Src/stm32f4xx_hal_dma.o
 .debug_frame   0x00000f50      0x14c ./Drivers/STM32F4xx_HAL_Driver/Src/stm32f4xx_hal_gpio.o
 .debug_frame   0x0000109c      0x1f4 ./Drivers/STM32F4xx_HAL_Driver/Src/stm32f4xx_hal_rcc.o
 .debug_frame   0x00001290      0x828 ./Drivers/STM32F4xx_HAL_Driver/Src/stm32f4xx_hal_spi.o
 .debug_frame   0x00001ab8     0x11b8 ./Drivers/STM32F4xx_HAL_Driver/Src/stm32f4xx_hal_tim.o
 .debug_frame   0x00002c70      0x638 ./Drivers/STM32F4xx_HAL_Driver/Src/stm32f4xx_hal_tim_ex.o
 .debug_frame   0x000032a8      0x954 ./Drivers/STM32F4xx_HAL_Driver/Src/stm32f4xx_hal_uart.o
 .debug_frame   0x00003bfc      0x6bc ./Drivers/nrf24/NRF24.o
 .debug_frame   0x000042b8       0x20 C:/ST/STM32CubeIDE_1.15.1/STM32CubeIDE/plugins/com.st.stm32cube.ide.mcu.externaltools.gnu-tools-for-stm32.12.3.rel1.win32_1.0.100.202403111256/tools/bin/../lib/gcc/arm-none-eabi/12.3.1/../../../../arm-none-eabi/lib/thumb/v7e-m+fp/hard\libc_nano.a(libc_a-memset.o)
 .debug_frame   0x000042d8       0x2c C:/ST/STM32CubeIDE_1.15.1/STM32CubeIDE/plugins/com.st.stm32cube.ide.mcu.externaltools.gnu-tools-for-stm32.12.3.rel1.win32_1.0.100.202403111256/tools/bin/../lib/gcc/arm-none-eabi/12.3.1/../../../../arm-none-eabi/lib/thumb/v7e-m+fp/hard\libc_nano.a(libc_a-init.o)
 .debug_frame   0x00004304       0x2c C:/ST/STM32CubeIDE_1.15.1/STM32CubeIDE/plugins/com.st.stm32cube.ide.mcu.externaltools.gnu-tools-for-stm32.12.3.rel1.win32_1.0.100.202403111256/tools/bin/../lib/gcc/arm-none-eabi/12.3.1/thumb/v7e-m+fp/hard\libgcc.a(_aeabi_uldivmod.o)
 .debug_frame   0x00004330       0x34 C:/ST/STM32CubeIDE_1.15.1/STM32CubeIDE/plugins/com.st.stm32cube.ide.mcu.externaltools.gnu-tools-for-stm32.12.3.rel1.win32_1.0.100.202403111256/tools/bin/../lib/gcc/arm-none-eabi/12.3.1/thumb/v7e-m+fp/hard\libgcc.a(_udivmoddi4.o)

.debug_line_str
                0x00000000       0x47
 .debug_line_str
                0x00000000       0x47 ./Core/Startup/startup_stm32f411ceux.o
